[backblue.gif]
[fade.gif]
[index.html]
[opensource.adobe.com/svn/opensource/flexpmd/bin/.project]
[opensource.adobe.com/svn/opensource/flexpmd/bin/flex-pmd-ruleset-creator-1.1.swf]
[opensource.adobe.com/svn/opensource/flexpmd/bin/flex-pmd-ruleset-creator-1.2.swf]
[opensource.adobe.com/svn/opensource/flexpmd/bin/flex-pmd-violations-viewer-1.1.swf]
[opensource.adobe.com/svn/opensource/flexpmd/bin/playerProductInstall.swf]
[opensource.adobe.com/svn/opensource/flexpmd/bin/index.html]
[opensource.adobe.com/svn/opensource/flexpmd/bin/AC_OETags.js]
[opensource.adobe.com/svn/opensource/flexpmd/bin/flex-pmd-ruleset-creator-1.2-SNAPSHOT.html]
[opensource.adobe.com/svn/opensource/flexpmd/bin/flex-pmd-ruleset-creator.html]
[opensource.adobe.com/svn/opensource/flexpmd/bin/flex-pmd-violations-viewer.html]
[wwwimages.adobe.com/www.adobe.com/images/shared/download_buttons/get_flash_player.html]
[opensource.adobe.com/svn/opensource/flexpmd/bin/history/index.html]
[opensource.adobe.com/svn/opensource/flexpmd/bin/rulesets/index.html]
[opensource.adobe.com/svn/opensource/flexpmd/bin/swfobject.js]
[opensource.adobe.com/svn/opensource/flexpmd/bin/history/history.css]
[opensource.adobe.com/svn/opensource/flexpmd/bin/history/history.js]
[opensource.adobe.com/svn/opensource/flexpmd/bin/flex-pmd-ruleset-creator-1.2-SNAPSHOT-2.html]
[opensource.adobe.com/svn/opensource/flexpmd/bin/history/historyFrame.html]
[opensource.adobe.com/svn/opensource/flexpmd/bin/rulesets/com/index.html]
[opensource.adobe.com/svn/opensource/flexpmd/bin/history/historyFramed41d.html]
[opensource.adobe.com/svn/opensource/flexpmd/bin/history.html]
[opensource.adobe.com/svn/opensource/flexpmd/bin/historyFrame.html]
[opensource.adobe.com/svn/opensource/flexpmd/bin/rulesets/com/adobe/index.html]
[opensource.adobe.com/svn/opensource/flexpmd/bin/rulesets/com/adobe/ac/index.html]
[opensource.adobe.com/svn/opensource/flexpmd/bin/rulesets/com/adobe/ac/pmd/all_flex.xml]
[opensource.adobe.com/svn/opensource/flexpmd/bin/rulesets/com/adobe/ac/pmd/default_flex.xml]
[opensource.adobe.com/svn/opensource/flexpmd/bin/rulesets/com/adobe/ac/pmd/index.html]
[opensource.adobe.com/svn/opensource/flexpmd/bin/rulesets/com/adobe/ac/pmd/rulesets/architecture.xml]
[opensource.adobe.com/svn/opensource/flexpmd/bin/rulesets/com/adobe/ac/pmd/rulesets/asdocs.xml]
[opensource.adobe.com/svn/opensource/flexpmd/bin/rulesets/com/adobe/ac/pmd/rulesets/basic_mxml.xml]
[opensource.adobe.com/svn/opensource/flexpmd/bin/rulesets/com/adobe/ac/pmd/rulesets/binding.xml]
[opensource.adobe.com/svn/opensource/flexpmd/bin/rulesets/com/adobe/ac/pmd/rulesets/cairngorm.xml]
[opensource.adobe.com/svn/opensource/flexpmd/bin/rulesets/com/adobe/ac/pmd/rulesets/component.xml]
[opensource.adobe.com/svn/opensource/flexpmd/bin/rulesets/com/adobe/ac/pmd/rulesets/css.xml]
[opensource.adobe.com/svn/opensource/flexpmd/bin/rulesets/com/adobe/ac/pmd/rulesets/empty.xml]
[opensource.adobe.com/svn/opensource/flexpmd/bin/rulesets/com/adobe/ac/pmd/rulesets/event.xml]
[opensource.adobe.com/svn/opensource/flexpmd/bin/rulesets/com/adobe/ac/pmd/rulesets/maintanability.xml]
[opensource.adobe.com/svn/opensource/flexpmd/bin/rulesets/com/adobe/ac/pmd/rulesets/multitouch.xml]
[opensource.adobe.com/svn/opensource/flexpmd/bin/rulesets/com/adobe/ac/pmd/rulesets/naming.xml]
[opensource.adobe.com/svn/opensource/flexpmd/bin/rulesets/com/adobe/ac/pmd/rulesets/parsley.xml]
[opensource.adobe.com/svn/opensource/flexpmd/bin/rulesets/com/adobe/ac/pmd/rulesets/performance.xml]
[opensource.adobe.com/svn/opensource/flexpmd/bin/rulesets/com/adobe/ac/pmd/rulesets/security.xml]
[opensource.adobe.com/svn/opensource/flexpmd/bin/rulesets/com/adobe/ac/pmd/rulesets/sizing.xml]
[opensource.adobe.com/svn/opensource/flexpmd/bin/rulesets/com/adobe/ac/pmd/rulesets/style.xml]
[opensource.adobe.com/svn/opensource/flexpmd/bin/rulesets/com/adobe/ac/pmd/rulesets/switches.xml]
[opensource.adobe.com/svn/opensource/flexpmd/bin/rulesets/com/adobe/ac/pmd/rulesets/unittest.xml]
[opensource.adobe.com/svn/opensource/flexpmd/bin/rulesets/com/adobe/ac/pmd/rulesets/unused.xml]
[opensource.adobe.com/svn/opensource/flexpmd/bin/rulesets/com/adobe/ac/pmd/rulesets/index.html]
